// Jest Snapshot v1, https://goo.gl/fbAQLP

exports[`<MakePlan /> with cards should match the snapshot 1`] = `"<div class=\\"makeStyles-contentWrapper-1\\"><div class=\\"MuiGrid-root makeStyles-container-2 MuiGrid-container MuiGrid-spacing-xs-3\\"><div class=\\"MuiGrid-root MuiGrid-item MuiGrid-grid-xs-12 MuiGrid-grid-sm-12 MuiGrid-grid-md-12\\"><p class=\\"MuiTypography-root makeStyles-title-123 MuiTypography-body1\\">Type of Payment Plan:</p><div class=\\"MuiGrid-root MuiGrid-container MuiGrid-spacing-xs-3\\"><div class=\\"MuiGrid-root MuiGrid-item MuiGrid-grid-xs-12 MuiGrid-grid-sm-4\\"><button class=\\"MuiButtonBase-root MuiButton-root MuiButton-contained makeStyles-planTypeBtn-124  MuiButton-containedPrimary MuiButton-disableElevation\\" tabindex=\\"0\\" type=\\"button\\"><span class=\\"MuiButton-label\\">Just the Minimum</span><span class=\\"MuiTouchRipple-root\\"></span></button></div><div class=\\"MuiGrid-root MuiGrid-item MuiGrid-grid-xs-12 MuiGrid-grid-sm-4\\"><button class=\\"MuiButtonBase-root MuiButton-root MuiButton-contained makeStyles-planTypeBtn-124 makeStyles-activeBtn-125 MuiButton-containedPrimary MuiButton-disableElevation\\" tabindex=\\"0\\" type=\\"button\\"><span class=\\"MuiButton-label\\">Recommended</span><span class=\\"MuiTouchRipple-root\\"></span></button></div><div class=\\"MuiGrid-root MuiGrid-item MuiGrid-grid-xs-12 MuiGrid-grid-sm-4\\"><button class=\\"MuiButtonBase-root MuiButton-root MuiButton-contained makeStyles-planTypeBtn-124  MuiButton-containedPrimary MuiButton-disableElevation\\" tabindex=\\"0\\" type=\\"button\\"><span class=\\"MuiButton-label\\">Aggressive</span><span class=\\"MuiTouchRipple-root\\"></span></button></div></div><div class=\\"MuiPaper-root MuiCard-root makeStyles-card-109 MuiPaper-elevation1 MuiPaper-rounded\\"><div class=\\"MuiCardContent-root makeStyles-cardContent-110\\"><div class=\\"MuiGrid-root MuiGrid-container MuiGrid-spacing-xs-3\\"><div class=\\"MuiGrid-root MuiGrid-item MuiGrid-grid-xs-12 MuiGrid-grid-md-6\\"><div class=\\"makeStyles-itemLine-111\\"><p class=\\"MuiTypography-root makeStyles-key-112 MuiTypography-body1\\">Total Payments<span title=\\"Choose your monthly payment, then see how quickly you'll get out of debt based on these payments. See how much interest you'll pay over time. Try different payment amounts to see how it affects your future.\\" class=\\"\\"><svg class=\\"makeStyles-infoIcon-126\\" style=\\"display: inline-block; stroke: currentColor; fill: currentColor;\\" viewBox=\\"0 0 1024 1024\\"><path d=\\"M469.333 298.667h85.333v85.333h-85.333zM469.333 469.333h85.333v256h-85.333zM512 85.333c-235.52 0-426.667 191.147-426.667 426.667s191.147 426.667 426.667 426.667 426.667-191.147 426.667-426.667-191.147-426.667-426.667-426.667zM512 853.333c-188.16 0-341.333-153.173-341.333-341.333s153.173-341.333 341.333-341.333 341.333 153.173 341.333 341.333-153.173 341.333-341.333 341.333z\\"></path></svg></span></p></div></div></div><span class=\\"MuiSlider-root makeStyles-root-114 MuiSlider-colorPrimary MuiSlider-marked\\"><span class=\\"MuiSlider-rail makeStyles-rail-119\\"></span><span class=\\"MuiSlider-track makeStyles-track-118\\" style=\\"left: 0%; width: 6.1776825629659085%;\\"></span><input type=\\"hidden\\" value=\\"62.71504880402943\\"><span style=\\"left: 100%;\\" class=\\"MuiSlider-mark makeStyles-mark-120\\"></span><span aria-hidden=\\"true\\" style=\\"left: 100%;\\" class=\\"MuiSlider-markLabel makeStyles-markLabel-122\\">$1,000.00</span><span class=\\"MuiSlider-thumb makeStyles-thumb-115 MuiSlider-thumbColorPrimary PrivateValueLabel-open-341 PrivateValueLabel-thumb-340\\" tabindex=\\"0\\" role=\\"slider\\" style=\\"left: 6.1776825629659085%;\\" data-index=\\"0\\" aria-orientation=\\"horizontal\\" aria-valuemax=\\"1000\\" aria-valuemin=\\"1\\" aria-valuenow=\\"62.71504880402943\\"><span class=\\"PrivateValueLabel-offset-342 MuiSlider-valueLabel makeStyles-valueLabel-117\\"><span class=\\"PrivateValueLabel-circle-343\\"><span class=\\"PrivateValueLabel-label-344\\">$62.72</span></span></span></span></span></div></div></div><div class=\\"MuiGrid-root MuiGrid-item MuiGrid-grid-xs-12 MuiGrid-grid-sm-12 MuiGrid-grid-md-12\\"><div class=\\"makeStyles-scrollWrapper-230\\"><div style=\\"position: relative; width: 100%; height: 100%;\\" class=\\"ScrollbarsCustom\\"><div class=\\"ScrollbarsCustom-Wrapper\\" style=\\"position: absolute; top: 0px; left: 0px; bottom: 0px; right: 0px; overflow: hidden;\\"><div class=\\"ScrollbarsCustom-Scroller\\" style=\\"position: absolute; top: 0px; left: 0px; bottom: 0px; right: 0px; overflow-y: hidden; overflow-x: hidden;\\"><div class=\\"makeStyles-contentScroller-241\\" style=\\"box-sizing: border-box; display: table-cell; min-width: 100%;\\"><div class=\\"makeStyles-dataWrapper-231\\"><div class=\\"MuiPaper-root MuiCard-root makeStyles-card-232 MuiPaper-elevation1 MuiPaper-rounded\\"><div class=\\"MuiCardContent-root makeStyles-cardContent-233\\"><p class=\\"MuiTypography-root makeStyles-title-234 MuiTypography-body1\\" name=\\"balanceRemainingTitle\\">Balance Remaining<span title=\\"This is your total balance, across all your loans &amp; credit cards.\\" class=\\"\\"><svg class=\\"makeStyles-infoIcon-242\\" style=\\"display: inline-block; stroke: currentColor; fill: currentColor;\\" viewBox=\\"0 0 1024 1024\\"><path d=\\"M469.333 298.667h85.333v85.333h-85.333zM469.333 469.333h85.333v256h-85.333zM512 85.333c-235.52 0-426.667 191.147-426.667 426.667s191.147 426.667 426.667 426.667 426.667-191.147 426.667-426.667-191.147-426.667-426.667-426.667zM512 853.333c-188.16 0-341.333-153.173-341.333-341.333s153.173-341.333 341.333-341.333 341.333 153.173 341.333 341.333-153.173 341.333-341.333 341.333z\\"></path></svg></span></p><p class=\\"MuiTypography-root makeStyles-principalValue-235 MuiTypography-body1\\" name=\\"balanceRemainingValue\\">$3,135.75</p><p class=\\"MuiTypography-root makeStyles-subtext-240 MuiTypography-body1\\">from 1 card or loan</p></div></div><div class=\\"MuiPaper-root MuiCard-root makeStyles-card-232 MuiPaper-elevation1 MuiPaper-rounded\\"><div class=\\"MuiCardContent-root makeStyles-cardContent-233\\"><p class=\\"MuiTypography-root makeStyles-title-234 MuiTypography-body1\\" name=\\"debtFreeDateTitle\\">Debt Free Date<span title=\\"If you pay $xxx.xx per month, you'll be 100% debt free by this date.\\" class=\\"\\"><svg class=\\"makeStyles-infoIcon-242\\" style=\\"display: inline-block; stroke: currentColor; fill: currentColor;\\" viewBox=\\"0 0 1024 1024\\"><path d=\\"M469.333 298.667h85.333v85.333h-85.333zM469.333 469.333h85.333v256h-85.333zM512 85.333c-235.52 0-426.667 191.147-426.667 426.667s191.147 426.667 426.667 426.667 426.667-191.147 426.667-426.667-191.147-426.667-426.667-426.667zM512 853.333c-188.16 0-341.333-153.173-341.333-341.333s153.173-341.333 341.333-341.333 341.333 153.173 341.333 341.333-153.173 341.333-341.333 341.333z\\"></path></svg></span></p><p class=\\"MuiTypography-root makeStyles-debtFreeValue-236 MuiTypography-body1\\" name=\\"debtFreeDateValue\\">Sep 2029</p><p class=\\"MuiTypography-root makeStyles-subtext-240 MuiTypography-body1\\">Debt free in 9 years!</p></div></div><div class=\\"MuiPaper-root MuiCard-root makeStyles-card-232 MuiPaper-elevation1 MuiPaper-rounded\\"><div class=\\"MuiCardContent-root makeStyles-cardContent-233\\"><p class=\\"MuiTypography-root makeStyles-title-234 MuiTypography-body1\\" name=\\"interestPaidTitle\\">Interest Paid<span title=\\"This is how much interest you'll pay, by the time you pay off all your cards &amp; loans.\\" class=\\"\\"><svg class=\\"makeStyles-infoIcon-242\\" style=\\"display: inline-block; stroke: currentColor; fill: currentColor;\\" viewBox=\\"0 0 1024 1024\\"><path d=\\"M469.333 298.667h85.333v85.333h-85.333zM469.333 469.333h85.333v256h-85.333zM512 85.333c-235.52 0-426.667 191.147-426.667 426.667s191.147 426.667 426.667 426.667 426.667-191.147 426.667-426.667-191.147-426.667-426.667-426.667zM512 853.333c-188.16 0-341.333-153.173-341.333-341.333s153.173-341.333 341.333-341.333 341.333 153.173 341.333 341.333-153.173 341.333-341.333 341.333z\\"></path></svg></span></p><p class=\\"MuiTypography-root makeStyles-interestPaidValue-237 MuiTypography-body1\\" name=\\"interestPaidValue\\">$3,865.62</p><p class=\\"MuiTypography-root makeStyles-subtext-240 MuiTypography-body1\\">by Sep 2029</p></div></div><div class=\\"MuiPaper-root MuiCard-root makeStyles-card-232 MuiPaper-elevation1 MuiPaper-rounded\\"><div class=\\"MuiCardContent-root makeStyles-cardContent-233\\"><p class=\\"MuiTypography-root makeStyles-title-234 MuiTypography-body1\\" name=\\"avgInterestRateTitle\\">Avg Interest Rate<span title=\\"This is the average interest rate across all your credit cards and loans.\\" class=\\"\\"><svg class=\\"makeStyles-infoIcon-242\\" style=\\"display: inline-block; stroke: currentColor; fill: currentColor;\\" viewBox=\\"0 0 1024 1024\\"><path d=\\"M469.333 298.667h85.333v85.333h-85.333zM469.333 469.333h85.333v256h-85.333zM512 85.333c-235.52 0-426.667 191.147-426.667 426.667s191.147 426.667 426.667 426.667 426.667-191.147 426.667-426.667-191.147-426.667-426.667-426.667zM512 853.333c-188.16 0-341.333-153.173-341.333-341.333s153.173-341.333 341.333-341.333 341.333 153.173 341.333 341.333-153.173 341.333-341.333 341.333z\\"></path></svg></span></p><p class=\\"MuiTypography-root makeStyles-avInterestPaidValue-238 MuiTypography-body1\\" name=\\"avgInterestRateValue\\">20.99%</p><p class=\\"MuiTypography-root makeStyles-subtext-240 MuiTypography-body1\\">Your average interest rate<br>across all loans</p></div></div><div class=\\"MuiPaper-root MuiCard-root makeStyles-card-232 MuiPaper-elevation1 MuiPaper-rounded\\"><div class=\\"MuiCardContent-root makeStyles-cardContent-233\\"><p class=\\"MuiTypography-root makeStyles-title-234 MuiTypography-body1\\" name=\\"annualFeePaidTitle\\">Annual<br>Fees Paid<span title=\\"This is how much in annual credit card fees you'll pay, based on your plan. If you pay off cards faster and close them down, you'll pay less money in annual fees.\\" class=\\"\\"><svg class=\\"makeStyles-infoIcon-242\\" style=\\"display: inline-block; stroke: currentColor; fill: currentColor;\\" viewBox=\\"0 0 1024 1024\\"><path d=\\"M469.333 298.667h85.333v85.333h-85.333zM469.333 469.333h85.333v256h-85.333zM512 85.333c-235.52 0-426.667 191.147-426.667 426.667s191.147 426.667 426.667 426.667 426.667-191.147 426.667-426.667-191.147-426.667-426.667-426.667zM512 853.333c-188.16 0-341.333-153.173-341.333-341.333s153.173-341.333 341.333-341.333 341.333 153.173 341.333 341.333-153.173 341.333-341.333 341.333z\\"></path></svg></span></p><p class=\\"MuiTypography-root makeStyles-annualFeesValue-239 MuiTypography-body1\\" name=\\"annualFeePaidValue\\">$2,691.00</p></div></div></div></div></div></div><div style=\\"position: absolute; overflow: hidden; border-radius: 4px; background: rgba(0, 0, 0, 0.1); user-select: none; width: 10px; top: 10px; right: 0px; display: none;\\" class=\\"ScrollbarsCustom-Track ScrollbarsCustom-TrackY\\"><div style=\\"cursor: pointer; border-radius: 4px; background: rgba(0, 0, 0, 0.4); width: 100%; height: 0px;\\" class=\\"ScrollbarsCustom-Thumb ScrollbarsCustom-ThumbY\\"></div></div><div style=\\"position: absolute; overflow: hidden; border-radius: 4px; background: rgba(0, 0, 0, 0.1); user-select: none; height: 10px; bottom: 0px; left: 10px; display: none;\\" class=\\"ScrollbarsCustom-Track ScrollbarsCustom-TrackX\\"><div style=\\"cursor: pointer; border-radius: 4px; background: rgba(0, 0, 0, 0.4); height: 100%; width: 0px;\\" class=\\"ScrollbarsCustom-Thumb ScrollbarsCustom-ThumbX\\"></div></div></div></div></div></div><div class=\\"MuiGrid-root makeStyles-container-2 MuiGrid-container MuiGrid-spacing-xs-3\\"><div class=\\"MuiGrid-root MuiGrid-item MuiGrid-grid-xs-12 MuiGrid-grid-sm-12 MuiGrid-grid-md-12\\"><div class=\\"MuiPaper-root MuiCard-root makeStyles-card-243 MuiPaper-elevation1 MuiPaper-rounded\\"><div class=\\"makeStyles-tabs-245\\"><div class=\\"makeStyles-tab-246 makeStyles-activeTab-247\\" role=\\"presentation\\">Balance Remaining<span title=\\"See how your balance on each account changes over time, based on your monthly payments. Hover the chart to see which cards to pay off first.\\" class=\\"\\"><svg class=\\"makeStyles-infoIcon-248\\" style=\\"display: inline-block; stroke: currentColor; fill: currentColor;\\" viewBox=\\"0 0 1024 1024\\"><path d=\\"M469.333 298.667h85.333v85.333h-85.333zM469.333 469.333h85.333v256h-85.333zM512 85.333c-235.52 0-426.667 191.147-426.667 426.667s191.147 426.667 426.667 426.667 426.667-191.147 426.667-426.667-191.147-426.667-426.667-426.667zM512 853.333c-188.16 0-341.333-153.173-341.333-341.333s153.173-341.333 341.333-341.333 341.333 153.173 341.333 341.333-153.173 341.333-341.333 341.333z\\"></path></svg></span></div><div class=\\"makeStyles-tab-246 \\" role=\\"presentation\\">Interest Paid<span title=\\"See how much total interest you'll pay by the time an account is paid off. Hover over this chart to see the interest each lender is charging you.\\" class=\\"\\"><svg class=\\"makeStyles-infoIcon-248\\" style=\\"display: inline-block; stroke: currentColor; fill: currentColor;\\" viewBox=\\"0 0 1024 1024\\"><path d=\\"M469.333 298.667h85.333v85.333h-85.333zM469.333 469.333h85.333v256h-85.333zM512 85.333c-235.52 0-426.667 191.147-426.667 426.667s191.147 426.667 426.667 426.667 426.667-191.147 426.667-426.667-191.147-426.667-426.667-426.667zM512 853.333c-188.16 0-341.333-153.173-341.333-341.333s153.173-341.333 341.333-341.333 341.333 153.173 341.333 341.333-153.173 341.333-341.333 341.333z\\"></path></svg></span></div></div><div class=\\"MuiCardContent-root makeStyles-cardContent-244\\"><div class=\\"makeStyles-legend-249\\"><div class=\\"makeStyles-legendItem-250\\"><span class=\\"makeStyles-itemColor-251\\" style=\\"background: rgb(204, 225, 247);\\"></span>Delta Skymiles Gold</div></div><div class=\\"makeStyles-pieBlock-252\\"><div class=\\"recharts-responsive-container\\" style=\\"width: 99%; height: 100%;\\"><div style=\\"position: absolute; width: 0px; height: 0px; visibility: hidden; display: none;\\"></div></div></div></div></div></div></div><div class=\\"MuiGrid-root makeStyles-payOffContainer-3 MuiGrid-container MuiGrid-spacing-xs-3\\"><div class=\\"MuiGrid-root MuiGrid-item MuiGrid-grid-xs-12\\"><div class=\\"makeStyles-sortWrapper-259\\"><p class=\\"MuiTypography-root makeStyles-title-260 MuiTypography-body1\\">Pay off order:</p><div class=\\"makeStyles-formControl-262\\"><label class=\\"MuiFormControlLabel-root\\"><span class=\\"MuiButtonBase-root MuiIconButton-root PrivateSwitchBase-root-277 MuiCheckbox-root makeStyles-rootCheckbox-261 MuiCheckbox-colorPrimary PrivateSwitchBase-checked-278 Mui-checked MuiIconButton-colorPrimary\\" aria-disabled=\\"false\\"><span class=\\"MuiIconButton-label\\"><input class=\\"PrivateSwitchBase-input-280\\" id=\\"avalanche\\" name=\\"avalanche\\" type=\\"checkbox\\" data-indeterminate=\\"false\\" value=\\"\\" checked=\\"\\"><svg class=\\"MuiSvgIcon-root\\" focusable=\\"false\\" viewBox=\\"0 0 24 24\\" aria-hidden=\\"true\\"><path d=\\"M19 3H5c-1.11 0-2 .9-2 2v14c0 1.1.89 2 2 2h14c1.11 0 2-.9 2-2V5c0-1.1-.89-2-2-2zm-9 14l-5-5 1.41-1.41L10 14.17l7.59-7.59L19 8l-9 9z\\"></path></svg></span><span class=\\"MuiTouchRipple-root\\"></span></span><span class=\\"MuiTypography-root MuiFormControlLabel-label MuiTypography-body1\\"><label for=\\"avalanche\\" class=\\"makeStyles-checkboxLabel-263\\">Highest interest first <span title=\\"Pay down your highest interest accounts first. This saves you the most money in the long run.\\" class=\\"\\"><svg class=\\"makeStyles-infoIcon-264\\" style=\\"display: inline-block; stroke: currentColor; fill: currentColor;\\" viewBox=\\"0 0 1024 1024\\"><path d=\\"M469.333 298.667h85.333v85.333h-85.333zM469.333 469.333h85.333v256h-85.333zM512 85.333c-235.52 0-426.667 191.147-426.667 426.667s191.147 426.667 426.667 426.667 426.667-191.147 426.667-426.667-191.147-426.667-426.667-426.667zM512 853.333c-188.16 0-341.333-153.173-341.333-341.333s153.173-341.333 341.333-341.333 341.333 153.173 341.333 341.333-153.173 341.333-341.333 341.333z\\"></path></svg></span></label></span></label><label class=\\"MuiFormControlLabel-root\\"><span class=\\"MuiButtonBase-root MuiIconButton-root PrivateSwitchBase-root-277 MuiCheckbox-root makeStyles-rootCheckbox-261 MuiCheckbox-colorPrimary MuiIconButton-colorPrimary\\" aria-disabled=\\"false\\"><span class=\\"MuiIconButton-label\\"><input class=\\"PrivateSwitchBase-input-280\\" id=\\"snowball\\" name=\\"snowball\\" type=\\"checkbox\\" data-indeterminate=\\"false\\" value=\\"\\"><svg class=\\"MuiSvgIcon-root\\" focusable=\\"false\\" viewBox=\\"0 0 24 24\\" aria-hidden=\\"true\\"><path d=\\"M19 5v14H5V5h14m0-2H5c-1.1 0-2 .9-2 2v14c0 1.1.9 2 2 2h14c1.1 0 2-.9 2-2V5c0-1.1-.9-2-2-2z\\"></path></svg></span><span class=\\"MuiTouchRipple-root\\"></span></span><span class=\\"MuiTypography-root MuiFormControlLabel-label MuiTypography-body1\\"><label for=\\"snowball\\" class=\\"makeStyles-checkboxLabel-263\\">Lowest balance first <span title=\\"Pay down your lowest balances first. This creates a &quot;snowball&quot; effect, as you pay off more and more of your accounts.\\" class=\\"\\"><svg class=\\"makeStyles-infoIcon-264\\" style=\\"display: inline-block; stroke: currentColor; fill: currentColor;\\" viewBox=\\"0 0 1024 1024\\"><path d=\\"M469.333 298.667h85.333v85.333h-85.333zM469.333 469.333h85.333v256h-85.333zM512 85.333c-235.52 0-426.667 191.147-426.667 426.667s191.147 426.667 426.667 426.667 426.667-191.147 426.667-426.667-191.147-426.667-426.667-426.667zM512 853.333c-188.16 0-341.333-153.173-341.333-341.333s153.173-341.333 341.333-341.333 341.333 153.173 341.333 341.333-153.173 341.333-341.333 341.333z\\"></path></svg></span></label></span></label></div></div></div></div><div class=\\"MuiGrid-root makeStyles-container-2 MuiGrid-container MuiGrid-spacing-xs-3\\"><div class=\\"MuiGrid-root MuiGrid-item MuiGrid-grid-xs-12\\"><div draggable=\\"true\\"><a class=\\"makeStyles-link-309\\" href=\\"/payments\\"><div class=\\"MuiPaper-root MuiCard-root makeStyles-card-310 MuiPaper-elevation1 MuiPaper-rounded\\"><div class=\\"MuiCardContent-root makeStyles-cardContent-311\\"><p class=\\"MuiTypography-root makeStyles-name-312 MuiTypography-body1\\" name=\\"cardName\\">Delta Skymiles Gold</p><div class=\\"makeStyles-dataWrapper-313\\"><div class=\\"makeStyles-image-314\\"><img src=\\"https://i.imgur.com/zHjzU2k.png\\" alt=\\"Delta Skymiles Gold\\"></div><div class=\\"makeStyles-dataItem-315\\"><p class=\\"MuiTypography-root makeStyles-dataTitle-316 MuiTypography-body1\\" name=\\"cardBalanceTitle\\">Balance</p><p class=\\"MuiTypography-root makeStyles-dataValue-317 MuiTypography-body1\\" name=\\"cardBalanceValue\\">$3,135.75</p></div><div class=\\"makeStyles-dataItem-315\\"><p class=\\"MuiTypography-root makeStyles-dataTitle-316 MuiTypography-body1\\" name=\\"cardPayOffDateTitle\\">Pay off date</p><p class=\\"MuiTypography-root makeStyles-dataValue-317 MuiTypography-body1\\" name=\\"cardPayOffDateValue\\">Sep 2029</p></div><div class=\\"makeStyles-dataItem-315\\"><p class=\\"MuiTypography-root makeStyles-dataTitle-316 MuiTypography-body1\\" name=\\"cardInterestRateTitle\\">Interest rate</p><p class=\\"MuiTypography-root makeStyles-dataValue-317  MuiTypography-body1\\" name=\\"cardInterestRateValue\\">20.99%</p></div><div class=\\"makeStyles-dataItem-315\\"><p class=\\"MuiTypography-root makeStyles-dataTitle-316 MuiTypography-body1\\" name=\\"cardInterestPaidTitle\\">Interest paid <span title=\\"This is how much interest you'll have paid, by the time you've paid off this account\\" class=\\"\\"><svg class=\\"makeStyles-infoIcon-319\\" style=\\"display: inline-block; stroke: currentColor; fill: currentColor;\\" viewBox=\\"0 0 1024 1024\\"><path d=\\"M469.333 298.667h85.333v85.333h-85.333zM469.333 469.333h85.333v256h-85.333zM512 85.333c-235.52 0-426.667 191.147-426.667 426.667s191.147 426.667 426.667 426.667 426.667-191.147 426.667-426.667-191.147-426.667-426.667-426.667zM512 853.333c-188.16 0-341.333-153.173-341.333-341.333s153.173-341.333 341.333-341.333 341.333 153.173 341.333 341.333-153.173 341.333-341.333 341.333z\\"></path></svg></span></p><p class=\\"MuiTypography-root makeStyles-dataValue-317 MuiTypography-body1\\" name=\\"cardInterestPaidValue\\">$3,865.62</p></div></div></div></div></a></div></div></div></div>"`;

exports[`<MakePlan /> without any cards should match the snapshot 1`] = `"<div class=\\"makeStyles-preloaderWrapper-5\\"><div style=\\"width: 80px; height: 60px; overflow: hidden; margin: 0px auto; outline: none;\\" title=\\"\\" role=\\"button\\" aria-label=\\"animation\\" tabindex=\\"0\\"><svg xmlns=\\"http://www.w3.org/2000/svg\\" viewBox=\\"0 0 112 84\\" width=\\"112\\" height=\\"84\\" style=\\"width: 100%; height: 100%; transform: translate3d(0,0,0);\\" preserveAspectRatio=\\"xMidYMid slice\\"><defs><clipPath id=\\"__lottie_element_2\\"><rect width=\\"112\\" height=\\"84\\" x=\\"0\\" y=\\"0\\"></rect></clipPath></defs><g clip-path=\\"url(#__lottie_element_2)\\"><g style=\\"display: block;\\" transform=\\"matrix(1,0,0,1,-0.5,0)\\" opacity=\\"1\\"><g opacity=\\"1\\" transform=\\"matrix(1,0,0,1,49.981998443603516,38.5890007019043)\\"><g opacity=\\"1\\" transform=\\"matrix(1,0,0,1,0,0)\\"></g></g><g opacity=\\"1\\" transform=\\"matrix(1,0,0,1,49.95800018310547,37.92100143432617)\\"><path fill=\\"rgb(209,221,239)\\" fill-opacity=\\"1\\" d=\\" M30.683000564575195,-36.941001892089844 C30.683000564575195,-36.941001892089844 -46.262001037597656,-13.086000442504883 -46.262001037597656,-13.086000442504883 C-48.0359992980957,-12.53600025177002 -49.02799987792969,-10.654999732971191 -48.47700119018555,-8.885000228881836 C-48.47700119018555,-8.885000228881836 -34.893001556396484,34.73099899291992 -34.893001556396484,34.73099899291992 C-34.34199905395508,36.500999450683594 -32.45800018310547,37.4900016784668 -30.68400001525879,36.939998626708984 C-30.68400001525879,36.939998626708984 46.262001037597656,13.085000038146973 46.262001037597656,13.085000038146973 C48.0359992980957,12.53499984741211 49.02799987792969,10.654000282287598 48.47600173950195,8.883999824523926 C48.47600173950195,8.883999824523926 34.893001556396484,-34.73099899291992 34.893001556396484,-34.73099899291992 C34.340999603271484,-36.500999450683594 32.45600128173828,-37.49100112915039 30.683000564575195,-36.941001892089844z\\"></path></g><g opacity=\\"1\\" transform=\\"matrix(1,0,0,1,45.3380012512207,23.086999893188477)\\"><path fill=\\"rgb(81,84,249)\\" fill-opacity=\\"1\\" d=\\" M40.56800079345703,-16.510000228881836 C40.56800079345703,-16.510000228881836 -42.80099868774414,9.336999893188477 -42.80099868774414,9.336999893188477 C-42.80099868774414,9.336999893188477 -40.56800079345703,16.510000228881836 -40.56800079345703,16.510000228881836 C-40.56800079345703,16.510000228881836 42.80099868774414,-9.336999893188477 42.80099868774414,-9.336999893188477 C42.80099868774414,-9.336999893188477 40.56800079345703,-16.510000228881836 40.56800079345703,-16.510000228881836z\\"></path></g><g opacity=\\"1\\" transform=\\"matrix(1,0,0,1,30.84600067138672,62.76900100708008)\\"><path fill=\\"rgb(188,188,188)\\" fill-opacity=\\"1\\" d=\\" M10.109000205993652,-4.835000038146973 C10.109000205993652,-4.835000038146973 -11.074000358581543,1.7319999933242798 -11.074000358581543,1.7319999933242798 C-11.074000358581543,1.7319999933242798 -10.107000350952148,4.835000038146973 -10.107000350952148,4.835000038146973 C-10.107000350952148,4.835000038146973 11.074999809265137,-1.7319999933242798 11.074999809265137,-1.7319999933242798 C11.074999809265137,-1.7319999933242798 10.109000205993652,-4.835000038146973 10.109000205993652,-4.835000038146973z\\"></path></g><g opacity=\\"1\\" transform=\\"matrix(1,0,0,1,36.98899841308594,55.124000549316406)\\"><path fill=\\"rgb(223,223,223)\\" fill-opacity=\\"1\\" d=\\" M17.881999969482422,-7.244999885559082 C17.881999969482422,-7.244999885559082 -18.847999572753906,4.14300012588501 -18.847999572753906,4.14300012588501 C-18.847999572753906,4.14300012588501 -17.881999969482422,7.244999885559082 -17.881999969482422,7.244999885559082 C-17.881999969482422,7.244999885559082 18.847999572753906,-4.142000198364258 18.847999572753906,-4.142000198364258 C18.847999572753906,-4.142000198364258 17.881999969482422,-7.244999885559082 17.881999969482422,-7.244999885559082z\\"></path></g><g opacity=\\"1\\" transform=\\"matrix(1,0,0,1,36.534000396728516,47.07500076293945)\\"><path fill=\\"rgb(209,221,239)\\" fill-opacity=\\"1\\" d=\\" M7.583000183105469,-4.14900016784668 C7.583000183105469,-4.14900016784668 -7.583000183105469,-4.14900016784668 -7.583000183105469,-4.14900016784668 C-7.583000183105469,-4.14900016784668 -7.583000183105469,4.14900016784668 -7.583000183105469,4.14900016784668 C-7.583000183105469,4.14900016784668 7.583000183105469,4.14900016784668 7.583000183105469,4.14900016784668 C7.583000183105469,4.14900016784668 7.583000183105469,-4.14900016784668 7.583000183105469,-4.14900016784668z\\"></path></g></g><g style=\\"display: block;\\" transform=\\"matrix(1,0,0,1,-8.5,0)\\" opacity=\\"1\\"><g opacity=\\"1\\" transform=\\"matrix(1,0,0,1,65.16600036621094,55.000999450683594)\\"><path fill=\\"rgb(108,98,255)\\" fill-opacity=\\"1\\" d=\\" M38.422000885009766,-26.21299934387207 C38.422000885009766,-26.21299934387207 -38.422000885009766,-26.21299934387207 -38.422000885009766,-26.21299934387207 C-40.4900016784668,-26.21299934387207 -42.16699981689453,-24.534000396728516 -42.16699981689453,-22.461999893188477 C-42.16699981689453,-22.461999893188477 -42.16699981689453,22.461999893188477 -42.16699981689453,22.461999893188477 C-42.16699981689453,24.534000396728516 -40.4900016784668,26.21299934387207 -38.422000885009766,26.21299934387207 C-38.422000885009766,26.21299934387207 38.422000885009766,26.21299934387207 38.422000885009766,26.21299934387207 C40.4900016784668,26.21299934387207 42.16699981689453,24.534000396728516 42.16699981689453,22.461999893188477 C42.16699981689453,22.461999893188477 42.16699981689453,-22.461999893188477 42.16699981689453,-22.461999893188477 C42.16699981689453,-24.534000396728516 40.4900016784668,-26.21299934387207 38.422000885009766,-26.21299934387207z\\"></path></g><g opacity=\\"1\\" transform=\\"matrix(1,0,0,1,65.16699981689453,42.768001556396484)\\"><path fill=\\"rgb(108,98,255)\\" fill-opacity=\\"1\\" d=\\" M42.16699981689453,-4.804999828338623 C42.16699981689453,-4.804999828338623 -42.16699981689453,-4.804999828338623 -42.16699981689453,-4.804999828338623 C-42.16699981689453,-4.804999828338623 -42.16699981689453,4.804999828338623 -42.16699981689453,4.804999828338623 C-42.16699981689453,4.804999828338623 42.16699981689453,4.804999828338623 42.16699981689453,4.804999828338623 C42.16699981689453,4.804999828338623 42.16699981689453,-4.804999828338623 42.16699981689453,-4.804999828338623z\\"></path></g><g opacity=\\"1\\" transform=\\"matrix(1,0,0,1,65.16699981689453,42.768001556396484)\\"><path fill=\\"rgb(0,0,0)\\" fill-opacity=\\"0.2\\" d=\\" M42.16699981689453,-4.804999828338623 C42.16699981689453,-4.804999828338623 -42.16699981689453,-4.804999828338623 -42.16699981689453,-4.804999828338623 C-42.16699981689453,-4.804999828338623 -42.16699981689453,4.804999828338623 -42.16699981689453,4.804999828338623 C-42.16699981689453,4.804999828338623 42.16699981689453,4.804999828338623 42.16699981689453,4.804999828338623 C42.16699981689453,4.804999828338623 42.16699981689453,-4.804999828338623 42.16699981689453,-4.804999828338623z\\"></path></g><g opacity=\\"1\\" transform=\\"matrix(1,0,0,1,65.16699981689453,57.040000915527344)\\"><path fill=\\"rgb(213,213,226)\\" fill-opacity=\\"1\\" d=\\" M34.16999816894531,-2.3299999237060547 C34.16999816894531,-2.3299999237060547 -34.16899871826172,-2.3299999237060547 -34.16899871826172,-2.3299999237060547 C-34.16899871826172,-2.3299999237060547 -34.16899871826172,2.3299999237060547 -34.16899871826172,2.3299999237060547 C-34.16899871826172,2.3299999237060547 34.16999816894531,2.3299999237060547 34.16999816894531,2.3299999237060547 C34.16999816894531,2.3299999237060547 34.16999816894531,-2.3299999237060547 34.16999816894531,-2.3299999237060547z\\"></path></g><g opacity=\\"1\\" transform=\\"matrix(1,0,0,1,36.66699981689453,71.02100372314453)\\"><path fill=\\"rgb(108,98,255)\\" fill-opacity=\\"1\\" d=\\" M0,6.698999881744385 C3.694999933242798,6.698999881744385 6.689000129699707,3.700000047683716 6.689000129699707,0 C6.689000129699707,-3.700000047683716 3.694999933242798,-6.698999881744385 0,-6.698999881744385 C-3.694000005722046,-6.698999881744385 -6.689000129699707,-3.700000047683716 -6.689000129699707,0 C-6.689000129699707,3.700000047683716 -3.694000005722046,6.698999881744385 0,6.698999881744385z\\"></path></g><g opacity=\\"1\\" transform=\\"matrix(1,0,0,1,36.667999267578125,71.02100372314453)\\"><path fill=\\"rgb(0,0,0)\\" fill-opacity=\\"0.2\\" d=\\" M0,6.698999881744385 C3.694999933242798,6.698999881744385 6.689000129699707,3.700000047683716 6.689000129699707,0 C6.689000129699707,-3.700000047683716 3.694999933242798,-6.698999881744385 0,-6.698999881744385 C-3.694000005722046,-6.698999881744385 -6.689000129699707,-3.700000047683716 -6.689000129699707,0 C-6.689000129699707,3.700000047683716 -3.694000005722046,6.698999881744385 0,6.698999881744385z\\"></path></g><g opacity=\\"1\\" transform=\\"matrix(1,0,0,1,65.68900299072266,55.82699966430664)\\"><g opacity=\\"1\\" transform=\\"matrix(1,0,0,1,0,0)\\"></g></g><g opacity=\\"1\\" transform=\\"matrix(1,0,0,1,97.20099639892578,74.77799987792969)\\"><path fill=\\"rgb(1,44,234)\\" fill-opacity=\\"0\\" d=\\" M4.6479997634887695,-4.638000011444092 C4.6479997634887695,-4.638000011444092 -4.6479997634887695,-4.638000011444092 -4.6479997634887695,-4.638000011444092 C-4.6479997634887695,-4.638000011444092 -4.6479997634887695,4.63700008392334 -4.6479997634887695,4.63700008392334 C-4.6479997634887695,4.63700008392334 4.6479997634887695,4.63700008392334 4.6479997634887695,4.63700008392334 C4.6479997634887695,4.63700008392334 4.6479997634887695,-4.638000011444092 4.6479997634887695,-4.638000011444092z\\"></path></g></g></g></svg></div></div>"`;
