// Jest Snapshot v1, https://goo.gl/fbAQLP

exports[`<ForgotPassword /> before sending email should match the snapshot 1`] = `"<p class=\\"MuiTypography-root makeStyles-h1-1 MuiTypography-body1\\">Forgot password</p><p class=\\"MuiTypography-root makeStyles-subtitle-2 MuiTypography-body1\\">We will send link to reset your password to your contact.</p><div class=\\"makeStyles-form-3\\"><form><div class=\\"MuiGrid-root MuiGrid-container\\"><div class=\\"MuiGrid-root MuiGrid-item MuiGrid-grid-xs-12\\"><div class=\\"makeStyles-wrapper-139\\"><label class=\\"MuiFormLabel-root MuiInputLabel-root makeStyles-label-141 MuiInputLabel-animated\\"></label><div class=\\"MuiFormControl-root MuiTextField-root MuiFormControl-fullWidth\\"><div class=\\"MuiInputBase-root MuiOutlinedInput-root MuiInputBase-fullWidth MuiInputBase-formControl\\"><input aria-invalid=\\"false\\" name=\\"contact\\" placeholder=\\"Email or Phone number\\" type=\\"text\\" class=\\"MuiInputBase-input MuiOutlinedInput-input makeStyles-input-140\\" value=\\"\\"><fieldset aria-hidden=\\"true\\" style=\\"padding-left: 8px;\\" class=\\"PrivateNotchedOutline-root-200 MuiOutlinedInput-notchedOutline\\"><legend class=\\"PrivateNotchedOutline-legend-201\\" style=\\"width: 0.01px;\\"><span>â€‹</span></legend></fieldset></div></div></div></div></div><button class=\\"MuiButtonBase-root MuiButton-root MuiButton-contained makeStyles-submitBtn-34 MuiButton-containedPrimary MuiButton-disableElevation Mui-disabled Mui-disabled\\" tabindex=\\"-1\\" type=\\"submit\\" disabled=\\"\\"><span class=\\"MuiButton-label\\">Send</span></button></form></div>"`;
