// Jest Snapshot v1, https://goo.gl/fbAQLP

exports[`<SendPhoneCodeForm /> should match the snapshot 1`] = `"<form><div class=\\"MuiGrid-root MuiGrid-container\\"><div class=\\"MuiGrid-root MuiGrid-item MuiGrid-grid-xs-12\\"><div class=\\"makeStyles-wrapper-106\\"><label class=\\"MuiFormLabel-root MuiInputLabel-root makeStyles-label-108 MuiInputLabel-animated\\"></label><div class=\\"MuiFormControl-root MuiTextField-root MuiFormControl-fullWidth\\"><div class=\\"MuiInputBase-root MuiOutlinedInput-root MuiInputBase-fullWidth MuiInputBase-formControl\\"><input aria-invalid=\\"false\\" name=\\"code\\" placeholder=\\"Email or Phone number\\" type=\\"text\\" class=\\"MuiInputBase-input MuiOutlinedInput-input makeStyles-input-107\\" value=\\"\\"><fieldset aria-hidden=\\"true\\" style=\\"padding-left: 8px;\\" class=\\"PrivateNotchedOutline-root-167 MuiOutlinedInput-notchedOutline\\"><legend class=\\"PrivateNotchedOutline-legend-168\\" style=\\"width: 0.01px;\\"><span>â€‹</span></legend></fieldset></div></div></div></div></div><button class=\\"MuiButtonBase-root MuiButton-root MuiButton-contained makeStyles-submitBtn-1 MuiButton-containedPrimary MuiButton-disableElevation Mui-disabled Mui-disabled\\" tabindex=\\"-1\\" type=\\"submit\\" disabled=\\"\\"><span class=\\"MuiButton-label\\">Send Code</span></button></form>"`;
